
ret="A2500"
ven=1259 "Allied Telesyn"
dev=2503 "PCI Ethernet Adapter"

ret="accnd"
ven=1113 "Accton"
dev=1211 "EN-1207D-TX Fast Ethernet Adapter"

ret="aln325"
ven=10EC "Realtek"
dev=8139 "RT8139 Fast Ethernet Adapter"

ret="at2400"
ven=8086 "Allied Telesyn"
dev=1259 "Allied Tsyn PCI Ethernet Adapter"

ret="B44"
ven=14E4 "Broadcom"
dev=4401 "440x 10/100 Ethernet (BCM4401 10/100)"

ret="B57"
ven=14E4 "Broadcom"
dev=1645 "NetXtreme Gigabit Ethernet (BCM5701)"
    1644 "NetXtreme Gigabit Etherent (BCM5700/5401)"
    16A7 "NetXtreme Gigabit Ethernet (BCM5703X)"
    165D "NetXtreme Gigabit Ethernet (BCM5705M 10/100/1000)"
    165E "NetXtreme Gigabit Ethernet (BCM5705M 10/100/1000)"
    166D "NetXtreme Gigabit Ethernet (BCM5705MFE 10/100)"
    16A6 "NetXtreme Gigabit Ethernet (BCM5702 10/100/1000)"
    164D "NetXtreme Gigabit Ethernet (BCM5702FE 10/100)"
    1696 "NetXtreme Gigabit Ethernet (BCM5782 10/100/1000)"

ret="DC21X4"
ven=1011 "DEC"
dev=0002 "PCI Fast Ethernet DEC 21040-based Adapter"
    0014 "PCI Fast Ethernet DEC 21041-based Adapter"
    0009 "PCI Fast Ethernet DEC 21143-based Adapter"
    0019 "PCI Fast Ethernet DEC 21143-based Adapter"

ret="DLH5X"
ven=1186 "DLINK"
dev=1002 "DLINK 550TX 10/100"

ret="DLKPCI"
ven=1011 "DEC"
dev=0002 "PCI Fast Ethernet DEC 21040-based Adapter"
    0014 "PCI Fast Ethernet DEC 21041-based Adapter"
    0009 "PCI Fast Ethernet DEC 21143-based Adapter"
    0019 "PCI Fast Ethernet DEC 21143-based Adapter"

ret="Dlkrts"
ven=1186 "D-Link"
dev=1300 "DFE-530TX+ 10/100 PCI FastEthernet Adapter"

ret="DM9PCI"
ven=1282 "DAVICOM"
dev=9102 "DAVICOM DM9 PCI Ethernet (10/100)"

ret="DP83815"
ven=100B "National Semiconductor Corp."
dev=0020 "DP83815 10/100 MacPhyter3v PCI Adapter"
;   0001 "DP83810 10/100 Mac Fast Ethernet Adapter"

ret="E1000"
ven=8086 "Intel"
dev=1000 "82542 Gigabit Ethernet Controller"
    1001 "82543GC 10/100/1000 Ethernet Controller"
    1004 "Intel PRO/1000 Gigabit Desktop Adapter"
    1008 "Intel PRO/1000 Gigabit Desktop Adapter"
    1009 "Intel PRO/1000 Gigabit Desktop Adapter"
    100c "Intel PRO/1000 Gigabit Desktop Adapter"
    100e "Intel PRO/1000 Gigabit Desktop Adapter"
    100f "82545EM Gigabit Ethernet Controller (copper)"
    1010 "82546EB Gigabit Ethernet Controller (copper)"
    1011 "82545EM Gigabit Ethernet Controller (fiber)"
    1012 "82546EB Gigabit Ethernet Controller (fiber)"
    1015 "82540EM Pro/1000 MT Mobile Connection"

ret="E100B"
ven=8086 "Intel"
dev=1002 "PRO 100 Mobile Adapters"
    1031 "PRO/100 VE Network Connection"
    1032 "PRO/100 VE Network Connection"
    1035 "PRO/100 VM Network Connection"
    1036 "82562EH based Phoneline Network Connection"
    1038 "PRO/100 VM Adapter"
    1039 "PRO/100 VE Network Connection"
    103a "PRO/100 VE Network Connection"
    103b "PRO/100 VM Network Connection"
    103c "PRO/100 VM Network Connection"
    103d "PRO/100 VE Network Connection"
    103e "PRO/100 VM Network Connection"
    1059 "PRO 100 Mobile Adapters"
    1209 "82559ER Fast Ethernet Controller"
    1229 "8255x-based PCI Ethernet Adapter (10/100)"
    2449 "PRO/100 VE Desktop Adapter"
    2459 "82562 based Fast Ethernet Connection"
    245d "82562 based Fast Ethernet Connection"

ret="EL59X"
ven=10B7 "3Com"
dev=5900 "3Com Etherlink III Bus-Master PCI Ethernet Adapter"    
    5950 "3Com Fast Etherlink 10/100Mb Bus-Master PCI Adapter"   
    5951 "3Com Fast Etherlink 10/100Mb T4 Bus-Master PCI Adapter"
    5952 "3Com Fast EtherLink PCI MII"

ret="EL90X"
ven=10B7 "3Com"
; EL90xBC versions...
dev=9200 "3Com EtherLink 10/100 PCI NIC (3C905C-TX)"
    9058 "3Com EtherLink 10/100 PCI Combo NIC (3C905B-COMBO)"
    905A "3Com EtherLink 100 PCI Fiber NIC (3C905B-FX)"
    9055 "3Com EtherLink 10/100 PCI TX NIC (3C905B-TX)"
    900A "3Com EtherLink 10 PCI Fiber NIC (3C900B-FL)"
    9004 "3Com EtherLink 10 PCI TPO NIC (3C900B-TPO)"
    9005 "3Com EtherLink 10 PCI Combo NIC (3C900B-COMBO)"
    9006 "3Com EtherLink 10 PCI TPC NIC (3C900B-TPC)"
; EL90x versions...
    9000 "3Com EtherLink 10 PCI TPO NIC (3C900-TPO)"
    9001 "3Com EtherLink 10 PCI Combo  NIC (3C900-COMBO)"
    9050 "3Com EtherLink 10/100 PCI NIC (3C905-TX)"
    9051 "3Com EtherLink 10/100 PCI T4 NIC (3C905-T4)"

ret="el99x"
ven=10b7 "3com"
dev=9902 "3Com Etherlink 10/100 PCI Adapter with 3XP (3C990)"
    9903 "3Com Etherlink 10/100 PCI Adapter with 3XP (3C990)"
    9908 "3Com Etherlink 10/100 PCI Adapter with 3XP (3C990)"
    9909 "3Com Etherlink 10/100 PCI Adapter with 3XP (3C990)"

ret="en5251"
ven=1113 "Accton"
dev=1216 "Accton EN5251 Based Fast Ethernet Adapter"

ret="FA31X"
ven=100B "Netgear"
dev=0020 "FA311 Fast Ethernet Adapter"

; Created by Bart Lagerweij Apr 4, 2002
ret="fastnic"
ven=1317 "ADMtek"
dev=0985 "PCI 10/100 Fast Ethernet Adapter"
    1985 "CardBus 10/100 Fast Ethernet Adapter"
    9511 "PCI 10/100 Fast Ethernet Adapter(ADM9511)"
    9513 "PCI 10/100 Fast Ethernet Adapter(ADM9513)"

ret="fetnd"
ven=1106 "VIA Technologies"
dev=3106 "VIA VT6105M Rhine III Management Adapter"
    3043 "VT86C100A Fast Ethernet Adapter"
    3065 "PCI 10/100Mb Fast Ethernet Adapter"

ret="HPFEND"
ven=103C "Hewlett-Packard"
dev=1030 "J2585A DeskDirect 10/100VG NIC"
    1031 "J2585B DeskDirect 10/100 NIC"

; Last updated by Bart Lagerweij on Feb 26, 2002
ret="L100"
ven=11AD "Lite-On"
dev=0002 "PNIC-100 Fast Ethernet Adapter"

ret="LNE100D"
ven=1011 "Linksys"
dev=0014 "LNEPCI (21041 chip) PCI Ethernet Adapter With Boot Rom Socket"
    0009 "LNE100TX (21140 chip) PCI Fast Ethernet Adapter"
    0002 "LNEPCI (21040 chip) PCI Ethernet Adapter"

ret="LNE100L"
ven=11AD "Linksys"
dev=0002 "Linksys LNE100TX Fast Ethernet Adapter (Chip Name: Linksys)"

ret="LNE100P"
ven=11AD "Linksys"
dev=0002 "Linksys LNE100TX Fast Ethernet Adapter (Chip Name: PNIC)"

ret="LNE100v2"
ven=11ad "LiteOn"
dev=c115 "LNE100TX Fast Ethernet Adapter"

ret="LNE100v4"
ven=1317 "Linksys"
dev=0985 "Linksys LNE100TX Fast Ethernet Adapter (LNE100TX v4)"

ret="LNE100v5"
ven=1317 "Linksys"
dev=0985 "Linksys LNE100TX Fast Ethernet Adapter (LNE100TX v5)"

ret="N100"
ven=0E11 "Compaq"
dev=B02F "NC1120 Ethernet NIC"
    B01E "NC3120 Fast Ethernet NIC"
    B0D7 "NC3121 Fast Ethernet NIC (Rev A & B)"
    B01F "NC3122 Fast Ethernet NIC"
    B144 "NC3123 Fast Ethernet NIC"
    B0DD "NC3131 Fast Ethernet NIC"
    B0DE "NC3132 Fast Ethernet Module"
    B0E1 "NC3133 Fast Ethernet Module"
    B163 "NC3134 Fast Ethernet NIC"
    B164 "NC3135 Fast Ethernet Upgrade Module"
    B0C7 "NC3160 Fast Ethernet NIC"
    B0C6 "NC3161 Fast Ethernet Embedded Controller with WOL"
    B13C "NC3162 Fast Ethernet NIC"
    B134 "NC3163 Fast Ethernet NIC"
    B0DF "NC6132 Gigabit Module"
    B0E0 "NC6133 Gigabit Module"
    B123 "NC6134 Gigabit NIC"
    004A "NC6136 Gigabit Server Adapter"
    B1A4 "NC7131 Gigabit Server Adapter"
;
; Note from Bart Lagerweij, Feb 28, 2002
; 8086/1229 comment out to avoid conflict with Intel/E100B
; If you don't use the e100b.rar plugin you can enable the 2
; lines below
; ven=8086 "Intel"
; dev=1229 "NC3123/3163 Fast Ethernet NIC"

ret="N1000"
ven=8086 "Intel"
dev=1001 "Compaq Gigabit 6136"
    1000 "Compaq Gigabit 6134"

ret="NC100"
ven=1317 "Admtek Inc"
dev=0985 "Network Everywhere Fast Ethernet Adapter(NC100 v2)"

ret="NETFLX3"
ven=0E11 "Compaq"
dev=F130 "NetFlex-3/P TLAN 1.0"
    F150 "NetFlex-3/P TLAN 2.3"
    AE34 "Netelligent 10 T PCI UTP"
    AE32 "Netelligent 10/100 TX PCI UTP"
    AE35 "NetFlex-3 Embedded"
    AE40 "Netelligent Dual 10/100 TX PCI"
    AE43 "Netelligent 10/100 TX Embedded UTP/AUI"
    B011 "Netelligent 10/100 TX Embedded UTP/AUI with Remote Wake Up"
    B012 "Netelligent 10 T/2 UTP/Coax PCI"
    B030 "Netelligent 10/100 TX Embedded UTP/Coax with Remote Wake Up"

ret="NGRPCI"
ven=1011 "Netgear"
dev=0009 "FA310TX Fast Ethernet PCI Adapter"

ret="OCE4X"
ven=108D "Olicom"
dev=0012 "OC-2325 PCI Adapter"
    0014 "OC-2326 PCI Adapter"

ret="OCE5XND2"
ven=108D "Olicom"
dev=0016 "OC-2327 Rapidfire 10/100 Ethernet Adapter"
    0019 "OC-2327/2350 10/100 Ethernet Adapter"

ret="Pcind"
ven=10EC "Realtek"
dev=8029 "RTL8029 Family PCI Fast Ethernet NIC"

ret="PCNTND"
ven=1022 "AMD"
dev=2000 "PCNet Ethernet Adapter"

ret="rl100a"
ven=11F6 "Powermatic"
dev=2011 "10/100 Fast Ethernet Adapter"

ret="rl2000"
ven=11F6 "Compex"
dev=1401 "ReadyLink RL2000 Ethernet Adapter (Winbond W89C940)"

ret="rtsnd"
ven=10EC "Realtek"
dev=8139 "RTL8139/810X Family PCI Fast Ethernet NIC"

; Last updated by Bart Lagerweij on Feb 11, 2002
ret="SIS900"
ven=1039 "SiS"
dev=0900 "SiS 900 PCI Fast Ethernet Adapter"

ret="SMC1208"
ven=10EC "Realtek"
dev=8029 "RT8029(AS) 10Mb Ethernet Adapter"

ret="SMC1211"
ven=1113 "SMC"
dev=1211 "SMC EZ Card 10/100 PCI (SMC1211 Series)"

ret="SMC1255"
ven=1113 "Accton"
dev=1216 "SMC EZ Card 10/100 PCI (SMC1255 Series-EN5251)"

ret="SMC9432"
ven=10B8 "SMC"
dev=0005 "SMC9432TX EtherPower II 10/100"

ret="W940ND"
ven=1050 "WinBond"
dev=0940 "Winbond W89C940F PCI Ethernet Adapter"
